[    0.000000] Linux version 4.15.0-156-generic (buildd@lcy01-amd64-008) (gcc version 7.5.0 (Ubuntu 7.5.0-3ubuntu1~18.04)) #163-Ubuntu SMP Thu Aug 19 23:31:58 UTC 2021 (Ubuntu 4.15.0-156.163-generic 4.15.18)
[    0.000000] Command line: BOOT_IMAGE=/boot/vmlinuz-4.15.0-156-generic root=LABEL=cloudimg-rootfs ro console=tty1 console=ttyS0
[    0.000000] KERNEL supported cpus:
[    0.000000]   Intel GenuineIntel
[    0.000000]   AMD AuthenticAMD
[    0.000000]   Centaur CentaurHauls
[    0.000000] x86/fpu: Supporting XSAVE feature 0x001: 'x87 floating point registers'
[    0.000000] x86/fpu: Supporting XSAVE feature 0x002: 'SSE registers'
[    0.000000] x86/fpu: Supporting XSAVE feature 0x004: 'AVX registers'
[    0.000000] x86/fpu: xstate_offset[2]:  576, xstate_sizes[2]:  256
[    0.000000] x86/fpu: Enabled xstate features 0x7, context size is 832 bytes, using 'standard' format.
[    0.000000] e820: BIOS-provided physical RAM map:
[    0.000000] BIOS-e820: [mem 0x0000000000000000-0x000000000009fbff] usable
[    0.000000] BIOS-e820: [mem 0x000000000009fc00-0x000000000009ffff] reserved
[    0.000000] BIOS-e820: [mem 0x00000000000f0000-0x00000000000fffff] reserved
[    0.000000] BIOS-e820: [mem 0x0000000000100000-0x000000003ffeffff] usable
[    0.000000] BIOS-e820: [mem 0x000000003fff0000-0x000000003fffffff] ACPI data
[    0.000000] BIOS-e820: [mem 0x00000000fec00000-0x00000000fec00fff] reserved
[    0.000000] BIOS-e820: [mem 0x00000000fee00000-0x00000000fee00fff] reserved
[    0.000000] BIOS-e820: [mem 0x00000000fffc0000-0x00000000ffffffff] reserved
[    0.000000] NX (Execute Disable) protection: active
[    0.000000] SMBIOS 2.5 present.
[    0.000000] DMI: innotek GmbH VirtualBox/VirtualBox, BIOS VirtualBox 12/01/2006
[    0.000000] Hypervisor detected: KVM
[    0.000000] e820: last_pfn = 0x3fff0 max_arch_pfn = 0x400000000
[    0.000000] MTRR: Disabled
[    0.000000] x86/PAT: MTRRs disabled, skipping PAT initialization too.
[    0.000000] CPU MTRRs all blank - virtualized system.
[    0.000000] x86/PAT: Configuration [0-7]: WB  WT  UC- UC  WB  WT  UC- UC  
[    0.000000] found SMP MP-table at [mem 0x0009fff0-0x0009ffff]
[    0.000000] Scanning 1 areas for low memory corruption
[    0.000000] RAMDISK: [mem 0x359cf000-0x36cdefff]
[    0.000000] ACPI: Early table checksum verification disabled
[    0.000000] ACPI: RSDP 0x00000000000E0000 000024 (v02 VBOX  )
[    0.000000] ACPI: XSDT 0x000000003FFF0030 00003C (v01 VBOX   VBOXXSDT 00000001 ASL  00000061)
[    0.000000] ACPI: FACP 0x000000003FFF00F0 0000F4 (v04 VBOX   VBOXFACP 00000001 ASL  00000061)
[    0.000000] ACPI: DSDT 0x000000003FFF0470 002325 (v02 VBOX   VBOXBIOS 00000002 INTL 20100528)
[    0.000000] ACPI: FACS 0x000000003FFF0200 000040
[    0.000000] ACPI: FACS 0x000000003FFF0200 000040
[    0.000000] ACPI: APIC 0x000000003FFF0240 00005C (v02 VBOX   VBOXAPIC 00000001 ASL  00000061)
[    0.000000] ACPI: SSDT 0x000000003FFF02A0 0001CC (v01 VBOX   VBOXCPUT 00000002 INTL 20100528)
[    0.000000] ACPI: Reserving FACP table memory at [mem 0x3fff00f0-0x3fff01e3]
[    0.000000] ACPI: Reserving DSDT table memory at [mem 0x3fff0470-0x3fff2794]
[    0.000000] ACPI: Reserving FACS table memory at [mem 0x3fff0200-0x3fff023f]
[    0.000000] ACPI: Reserving FACS table memory at [mem 0x3fff0200-0x3fff023f]
[    0.000000] ACPI: Reserving APIC table memory at [mem 0x3fff0240-0x3fff029b]
[    0.000000] ACPI: Reserving SSDT table memory at [mem 0x3fff02a0-0x3fff046b]
[    0.000000] No NUMA configuration found
[    0.000000] Faking a node at [mem 0x0000000000000000-0x000000003ffeffff]
[    0.000000] NODE_DATA(0) allocated [mem 0x3ffc5000-0x3ffeffff]
[    0.000000] kvm-clock: cpu 0, msr 0:3ff44001, primary cpu clock
[    0.000000] kvm-clock: Using msrs 4b564d01 and 4b564d00
[    0.000000] kvm-clock: using sched offset of 5080857387 cycles
[    0.000000] clocksource: kvm-clock: mask: 0xffffffffffffffff max_cycles: 0x1cd42e4dffb, max_idle_ns: 881590591483 ns
[    0.000000] Zone ranges:
[    0.000000]   DMA      [mem 0x0000000000001000-0x0000000000ffffff]
[    0.000000]   DMA32    [mem 0x0000000001000000-0x000000003ffeffff]
[    0.000000]   Normal   empty
[    0.000000]   Device   empty
[    0.000000] Movable zone start for each node
[    0.000000] Early memory node ranges
[    0.000000]   node   0: [mem 0x0000000000001000-0x000000000009efff]
[    0.000000]   node   0: [mem 0x0000000000100000-0x000000003ffeffff]
[    0.000000] Reserved but unavailable: 104 pages
[    0.000000] Initmem setup node 0 [mem 0x0000000000001000-0x000000003ffeffff]
[    0.000000] ACPI: PM-Timer IO Port: 0x4008
[    0.000000] IOAPIC[0]: apic_id 2, version 32, address 0xfec00000, GSI 0-23
[    0.000000] ACPI: INT_SRC_OVR (bus 0 bus_irq 0 global_irq 2 dfl dfl)
[    0.000000] ACPI: INT_SRC_OVR (bus 0 bus_irq 9 global_irq 9 low level)
[    0.000000] Using ACPI (MADT) for SMP configuration information
[    0.000000] smpboot: Allowing 2 CPUs, 0 hotplug CPUs
[    0.000000] PM: Registered nosave memory: [mem 0x00000000-0x00000fff]
[    0.000000] PM: Registered nosave memory: [mem 0x0009f000-0x0009ffff]
[    0.000000] PM: Registered nosave memory: [mem 0x000a0000-0x000effff]
[    0.000000] PM: Registered nosave memory: [mem 0x000f0000-0x000fffff]
[    0.000000] e820: [mem 0x40000000-0xfebfffff] available for PCI devices
[    0.000000] Booting paravirtualized kernel on KVM
[    0.000000] clocksource: refined-jiffies: mask: 0xffffffff max_cycles: 0xffffffff, max_idle_ns: 7645519600211568 ns
[    0.000000] random: get_random_bytes called from start_kernel+0x99/0x500 with crng_init=0
[    0.000000] setup_percpu: NR_CPUS:8192 nr_cpumask_bits:2 nr_cpu_ids:2 nr_node_ids:1
[    0.000000] percpu: Embedded 45 pages/cpu s147456 r8192 d28672 u1048576
[    0.000000] PV qspinlock hash table entries: 256 (order: 0, 4096 bytes)
[    0.000000] Built 1 zonelists, mobility grouping on.  Total pages: 257913
[    0.000000] Policy zone: DMA32
[    0.000000] Kernel command line: BOOT_IMAGE=/boot/vmlinuz-4.15.0-156-generic root=LABEL=cloudimg-rootfs ro console=tty1 console=ttyS0
[    0.000000] Memory: 982716K/1048120K available (12300K kernel code, 2483K rwdata, 4320K rodata, 2448K init, 2724K bss, 65404K reserved, 0K cma-reserved)
[    0.000000] SLUB: HWalign=64, Order=0-3, MinObjects=0, CPUs=2, Nodes=1
[    0.000000] Kernel/User page tables isolation: enabled
[    0.000000] ftrace: allocating 39466 entries in 155 pages
[    0.004000] Hierarchical RCU implementation.
[    0.004000] 	RCU restricting CPUs from NR_CPUS=8192 to nr_cpu_ids=2.
[    0.004000] 	Tasks RCU enabled.
[    0.004000] RCU: Adjusting geometry for rcu_fanout_leaf=16, nr_cpu_ids=2
[    0.004000] NR_IRQS: 524544, nr_irqs: 440, preallocated irqs: 16
[    0.004000] Console: colour VGA+ 80x25
[    0.004000] console [tty1] enabled
[    0.004000] console [ttyS0] enabled
[    0.004000] ACPI: Core revision 20170831
[    0.004000] ACPI: 2 ACPI AML tables successfully acquired and loaded
[    0.004000] APIC: Switch to symmetric I/O mode setup
[    0.004000] x2apic enabled
[    0.004009] Switched APIC routing to physical x2apic.
[    0.008000] ..TIMER: vector=0x30 apic1=0 pin1=2 apic2=-1 pin2=-1
[    0.008004] tsc: Detected 2693.762 MHz processor
[    0.010088] Calibrating delay loop (skipped) preset value.. 5387.52 BogoMIPS (lpj=10775048)
[    0.012005] pid_max: default: 32768 minimum: 301
[    0.016081] Security Framework initialized
[    0.017863] Yama: becoming mindful.
[    0.020057] AppArmor: AppArmor initialized
[    0.024064] Dentry cache hash table entries: 131072 (order: 8, 1048576 bytes)
[    0.028178] Inode-cache hash table entries: 65536 (order: 7, 524288 bytes)
[    0.032026] Mount-cache hash table entries: 2048 (order: 2, 16384 bytes)
[    0.036010] Mountpoint-cache hash table entries: 2048 (order: 2, 16384 bytes)
[    0.040480] Last level iTLB entries: 4KB 1024, 2MB 1024, 4MB 1024
[    0.043301] Last level dTLB entries: 4KB 1024, 2MB 1024, 4MB 1024, 1GB 4
[    0.044005] Spectre V1 : Mitigation: usercopy/swapgs barriers and __user pointer sanitization
[    0.048005] Spectre V2 : Mitigation: Full generic retpoline
[    0.052003] Spectre V2 : Spectre v2 / SpectreRSB mitigation: Filling RSB on context switch
[    0.056003] Speculative Store Bypass: Vulnerable
[    0.058527] SRBDS: Unknown: Dependent on hypervisor status
[    0.060004] MDS: Mitigation: Clear CPU buffers
[    0.062360] Freeing SMP alternatives memory: 36K
[    0.177602] smpboot: CPU0: Intel(R) Core(TM) i7-4800MQ CPU @ 2.70GHz (family: 0x6, model: 0x3c, stepping: 0x3)
[    0.180050] Performance Events: unsupported p6 CPU model 60 no PMU driver, software events only.
[    0.183918] Hierarchical SRCU implementation.
[    0.184997] NMI watchdog: Perf event create on CPU 0 failed with -2
[    0.188004] NMI watchdog: Perf NMI watchdog permanently disabled
[    0.190750] smp: Bringing up secondary CPUs ...
[    0.192175] x86: Booting SMP configuration:
[    0.196004] .... node  #0, CPUs:      #1
[    0.004000] kvm-clock: cpu 1, msr 0:3ff44041, secondary cpu clock
[    0.203617] smp: Brought up 1 node, 2 CPUs
[    0.204009] smpboot: Max logical packages: 1
[    0.208010] smpboot: Total of 2 processors activated (10775.04 BogoMIPS)
[    0.211602] devtmpfs: initialized
[    0.212126] x86/mm: Memory block size: 128MB
[    0.216219] evm: security.selinux
[    0.217767] evm: security.SMACK64
[    0.219310] evm: security.SMACK64EXEC
[    0.220004] evm: security.SMACK64TRANSMUTE
[    0.221867] evm: security.SMACK64MMAP
[    0.224004] evm: security.apparmor
[    0.226141] evm: security.ima
[    0.228003] evm: security.capability
[    0.232123] clocksource: jiffies: mask: 0xffffffff max_cycles: 0xffffffff, max_idle_ns: 7645041785100000 ns
[    0.236013] futex hash table entries: 512 (order: 3, 32768 bytes)
[    0.238702] pinctrl core: initialized pinctrl subsystem
[    0.248256] RTC time: 21:21:29, date: 09/20/21
[    0.252138] NET: Registered protocol family 16
[    0.254831] audit: initializing netlink subsys (disabled)
[    0.256053] audit: type=2000 audit(1632172895.744:1): state=initialized audit_enabled=0 res=1
[    0.260007] cpuidle: using governor ladder
[    0.261854] cpuidle: using governor menu
[    0.264145] ACPI: bus type PCI registered
[    0.265947] acpiphp: ACPI Hot Plug PCI Controller Driver version: 0.5
[    0.268211] PCI: Using configuration type 1 for base access
[    0.276050] HugeTLB registered 2.00 MiB page size, pre-allocated 0 pages
[    0.279034] ACPI: Added _OSI(Module Device)
[    0.280007] ACPI: Added _OSI(Processor Device)
[    0.282157] ACPI: Added _OSI(3.0 _SCP Extensions)
[    0.284004] ACPI: Added _OSI(Processor Aggregator Device)
[    0.286209] ACPI: Added _OSI(Linux-Dell-Video)
[    0.288005] ACPI: Added _OSI(Linux-Lenovo-NV-HDMI-Audio)
[    0.292005] ACPI: Added _OSI(Linux-HPI-Hybrid-Graphics)
[    0.296258] ACPI: Executed 1 blocks of module-level executable AML code
[    0.314000] ACPI: Interpreter enabled
[    0.315681] ACPI: (supports S0 S5)
[    0.316004] ACPI: Using IOAPIC for interrupt routing
[    0.320532] PCI: Using host bridge windows from ACPI; if necessary, use "pci=nocrs" and report a bug
[    0.324569] ACPI: Enabled 2 GPEs in block 00 to 07
[    0.350852] ACPI: PCI Root Bridge [PCI0] (domain 0000 [bus 00-ff])
[    0.352011] acpi PNP0A03:00: _OSC: OS supports [ASPM ClockPM Segments MSI]
[    0.358191] acpi PNP0A03:00: _OSC: not requesting OS control; OS requires [ExtendedConfig ASPM ClockPM MSI]
[    0.360031] acpi PNP0A03:00: fail to add MMCONFIG information, can't access extended PCI configuration space under this bridge.
[    0.369053] PCI host bridge to bus 0000:00
[    0.371129] pci_bus 0000:00: root bus resource [io  0x0000-0x0cf7 window]
[    0.372006] pci_bus 0000:00: root bus resource [io  0x0d00-0xffff window]
[    0.376005] pci_bus 0000:00: root bus resource [mem 0x000a0000-0x000bffff window]
[    0.380006] pci_bus 0000:00: root bus resource [mem 0x40000000-0xfdffffff window]
[    0.384005] pci_bus 0000:00: root bus resource [bus 00-ff]
[    0.393547] pci 0000:00:01.1: legacy IDE quirk: reg 0x10: [io  0x01f0-0x01f7]
[    0.396017] pci 0000:00:01.1: legacy IDE quirk: reg 0x14: [io  0x03f6]
[    0.398786] pci 0000:00:01.1: legacy IDE quirk: reg 0x18: [io  0x0170-0x0177]
[    0.400005] pci 0000:00:01.1: legacy IDE quirk: reg 0x1c: [io  0x0376]
[    0.424184] pci 0000:00:07.0: quirk: [io  0x4000-0x403f] claimed by PIIX4 ACPI
[    0.427448] pci 0000:00:07.0: quirk: [io  0x4100-0x410f] claimed by PIIX4 SMB
[    0.440904] ACPI: PCI Interrupt Link [LNKA] (IRQs 5 9 10 *11)
[    0.444772] ACPI: PCI Interrupt Link [LNKB] (IRQs 5 9 *10 11)
[    0.447623] ACPI: PCI Interrupt Link [LNKC] (IRQs 5 *9 10 11)
[    0.448357] ACPI: PCI Interrupt Link [LNKD] (IRQs 5 9 10 *11)
[    0.452722] SCSI subsystem initialized
[    0.456035] pci 0000:00:02.0: vgaarb: setting as boot VGA device
[    0.458529] pci 0000:00:02.0: vgaarb: VGA device added: decodes=io+mem,owns=io+mem,locks=none
[    0.460008] pci 0000:00:02.0: vgaarb: bridge control possible
[    0.464003] vgaarb: loaded
[    0.465394] ACPI: bus type USB registered
[    0.467173] usbcore: registered new interface driver usbfs
[    0.468020] usbcore: registered new interface driver hub
[    0.472025] usbcore: registered new device driver usb
[    0.474441] EDAC MC: Ver: 3.0.0
[    0.476477] PCI: Using ACPI for IRQ routing
[    0.480352] NetLabel: Initializing
[    0.481954] NetLabel:  domain hash size = 128
[    0.483861] NetLabel:  protocols = UNLABELED CIPSOv4 CALIPSO
[    0.484032] NetLabel:  unlabeled traffic allowed by default
[    0.488074] clocksource: Switched to clocksource kvm-clock
[    0.554912] VFS: Disk quotas dquot_6.6.0
[    0.556753] VFS: Dquot-cache hash table entries: 512 (order 0, 4096 bytes)
[    0.559688] AppArmor: AppArmor Filesystem Enabled
[    0.561759] pnp: PnP ACPI init
[    0.566411] pnp: PnP ACPI: found 3 devices
[    0.578627] clocksource: acpi_pm: mask: 0xffffff max_cycles: 0xffffff, max_idle_ns: 2085701024 ns
[    0.582740] NET: Registered protocol family 2
[    0.584781] IP idents hash table entries: 16384 (order: 5, 131072 bytes)
[    0.596545] TCP established hash table entries: 8192 (order: 4, 65536 bytes)
[    0.599779] TCP bind hash table entries: 8192 (order: 5, 131072 bytes)
[    0.602669] TCP: Hash tables configured (established 8192 bind 8192)
[    0.605716] UDP hash table entries: 512 (order: 2, 16384 bytes)
[    0.608336] UDP-Lite hash table entries: 512 (order: 2, 16384 bytes)
[    0.611118] NET: Registered protocol family 1
[    0.613089] pci 0000:00:00.0: Limiting direct PCI/PCI transfers
[    0.615704] pci 0000:00:01.0: Activating ISA DMA hang workarounds
[    0.618394] pci 0000:00:02.0: Video device with shadowed ROM at [mem 0x000c0000-0x000dffff]
[    0.622426] Unpacking initramfs...
[    1.585843] Freeing initrd memory: 19520K
[    1.588005] clocksource: tsc: mask: 0xffffffffffffffff max_cycles: 0x26d439828ff, max_idle_ns: 440795206424 ns
[    1.592802] platform rtc_cmos: registered platform RTC device (no PNP device found)
[    1.596580] Scanning for low memory corruption every 60 seconds
[    1.600543] Initialise system trusted keyrings
[    1.602456] Key type blacklist registered
[    1.604644] workingset: timestamp_bits=36 max_order=18 bucket_order=0
[    1.610658] zbud: loaded
[    1.613073] squashfs: version 4.0 (2009/01/31) Phillip Lougher
[    1.615762] fuse init (API version 7.26)
[    1.620379] Key type asymmetric registered
[    1.622115] Asymmetric key parser 'x509' registered
[    1.624297] Block layer SCSI generic (bsg) driver version 0.4 loaded (major 246)
[    1.627450] io scheduler noop registered
[    1.629158] io scheduler deadline registered
[    1.630985] io scheduler cfq registered (default)
[    1.633342] ACPI: AC Adapter [AC] (off-line)
[    1.635233] input: Power Button as /devices/LNXSYSTM:00/LNXPWRBN:00/input/input0
[    1.638472] ACPI: Power Button [PWRF]
[    1.640336] input: Sleep Button as /devices/LNXSYSTM:00/LNXSLPBN:00/input/input1
[    1.643589] ACPI: Sleep Button [SLPF]
[    1.648274] ACPI: Battery Slot [BAT0] (battery present)
[    1.648322] Serial: 8250/16550 driver, 32 ports, IRQ sharing enabled
[    1.675320] 00:02: ttyS0 at I/O 0x3f8 (irq = 4, base_baud = 115200) is a 16550A
[    1.682822] Linux agpgart interface v0.103
[    1.687300] loop: module loaded
[    1.690032] scsi host0: ata_piix
[    1.691816] scsi host1: ata_piix
[    1.693492] ata1: PATA max UDMA/33 cmd 0x1f0 ctl 0x3f6 bmdma 0xd000 irq 14
[    1.696470] ata2: PATA max UDMA/33 cmd 0x170 ctl 0x376 bmdma 0xd008 irq 15
[    1.699755] libphy: Fixed MDIO Bus: probed
[    1.701852] tun: Universal TUN/TAP device driver, 1.6
[    1.704263] PPP generic driver version 2.4.2
[    1.706256] ehci_hcd: USB 2.0 'Enhanced' Host Controller (EHCI) Driver
[    1.709096] ehci-pci: EHCI PCI platform driver
[    1.711060] ehci-platform: EHCI generic platform driver
[    1.713375] ohci_hcd: USB 1.1 'Open' Host Controller (OHCI) Driver
[    1.715945] ohci-pci: OHCI PCI platform driver
[    1.717970] ohci-platform: OHCI generic platform driver
[    1.720321] uhci_hcd: USB Universal Host Controller Interface driver
[    1.723068] i8042: PNP: PS/2 Controller [PNP0303:PS2K,PNP0f03:PS2M] at 0x60,0x64 irq 1,12
[    1.727362] serio: i8042 KBD port at 0x60,0x64 irq 1
[    1.729642] serio: i8042 AUX port at 0x60,0x64 irq 12
[    1.731958] mousedev: PS/2 mouse device common for all mice
[    1.734946] input: AT Translated Set 2 keyboard as /devices/platform/i8042/serio0/input/input2
[    1.736591] rtc_cmos rtc_cmos: rtc core: registered rtc_cmos as rtc0
[    1.741634] rtc_cmos rtc_cmos: alarms up to one day, 114 bytes nvram
[    1.744295] i2c /dev entries driver
[    1.746045] device-mapper: uevent: version 1.0.3
[    1.748309] device-mapper: ioctl: 4.37.0-ioctl (2017-09-20) initialised: dm-devel@redhat.com
[    1.752456] ledtrig-cpu: registered to indicate activity on CPUs
[    1.755933] NET: Registered protocol family 10
[    1.763557] Segment Routing with IPv6
[    1.765333] NET: Registered protocol family 17
[    1.767429] Key type dns_resolver registered
[    1.769625] mce: Using 0 MCE banks
[    1.771223] RAS: Correctable Errors collector initialized.
[    1.773664] sched_clock: Marking stable (1773635359, 0)->(2254272413, -480637054)
[    1.777435] registered taskstats version 1
[    1.779337] Loading compiled-in X.509 certificates
[    1.794660] Loaded X.509 cert 'Build time autogenerated kernel key: b39ba71f7e5bf175906d0a602aa7bdc709562f9b'
[    1.799966] Loaded X.509 cert 'Canonical Ltd. Live Patch Signing: 14df34d1a87cf37625abec039ef2bf521249b969'
[    1.805274] Loaded X.509 cert 'Canonical Ltd. Kernel Module Signing: 88f752e560a1e0737e31163a466ad7b70a850c19'
[    1.809673] zswap: loaded using pool lzo/zbud
[    1.817132] Key type big_key registered
[    1.818905] Key type trusted registered
[    1.823116] Key type encrypted registered
[    1.824958] AppArmor: AppArmor sha1 policy hashing enabled
[    1.827254] ima: No TPM chip found, activating TPM-bypass! (rc=-19)
[    1.829916] ima: Allocated hash algorithm: sha1
[    1.831920] evm: HMAC attrs: 0x1
[    1.833879]   Magic number: 5:573:399
[    1.835516]   hash matches /build/linux-WRF4xN/linux-4.15.0/drivers/base/power/main.c:1181
[    1.839388] rtc_cmos rtc_cmos: setting system clock to 2021-09-20 21:21:31 UTC (1632172891)
[    1.843130] BIOS EDD facility v0.16 2004-Jun-25, 0 devices found
[    1.845710] EDD information not available.
[    1.892803] Freeing unused kernel image memory: 2448K
[    1.900242] Write protecting the kernel read-only data: 20480k
[    1.903995] Freeing unused kernel image memory: 2008K
[    1.906769] Freeing unused kernel image memory: 1824K
[    1.950229] x86/mm: Checked W+X mappings: passed, no W+X pages found.
[    1.952819] x86/mm: Checking user space page tables
[    1.995529] x86/mm: Checked W+X mappings: passed, no W+X pages found.
Loading, please wait...
starting version 237
[    2.158806] e1000: Intel(R) PRO/1000 Network Driver - version 7.3.21-k8-NAPI
[    2.161958] e1000: Copyright (c) 1999-2006 Intel Corporation.
[    2.175605] Fusion MPT base driver 3.04.20
[    2.177612] Copyright (c) 1999-2008 LSI Corporation
[    2.221574] AVX2 version of gcm_enc/dec engaged.
[    2.223703] AES CTR mode by8 optimization enabled
[    2.228912] Fusion MPT SPI Host driver 3.04.20
[    2.410040] input: ImExPS/2 Generic Explorer Mouse as /devices/platform/i8042/serio1/input/input4
[    2.681881] e1000 0000:00:03.0 eth0: (PCI:33MHz:32-bit) 02:d6:10:ef:a7:47
[    2.685195] e1000 0000:00:03.0 eth0: Intel(R) PRO/1000 Network Connection
[    2.690972] mptbase: ioc0: Initiating bringup
[    2.694312] e1000 0000:00:03.0 enp0s3: renamed from eth0
[    3.578591] ioc0: LSI53C1030 A0: Capabilities={Initiator}
[    6.635526] scsi host2: ioc0: LSI53C1030 A0, FwRev=00000000h, Ports=1, MaxQ=256, IRQ=20
[    8.626958] scsi 2:0:0:0: Direct-Access     VBOX     HARDDISK         1.0  PQ: 0 ANSI: 5
[    9.598090] scsi target2:0:0: Beginning Domain Validation
[    9.603150] scsi target2:0:0: Domain Validation skipping write tests
[    9.605836] scsi target2:0:0: Ending Domain Validation
[    9.608211] scsi target2:0:0: asynchronous
[    9.611007] scsi 2:0:1:0: Direct-Access     VBOX     HARDDISK         1.0  PQ: 0 ANSI: 5
[   11.404050] scsi target2:0:1: Beginning Domain Validation
[   11.407208] random: fast init done
[   11.410153] scsi target2:0:1: Domain Validation skipping write tests
[   11.412709] scsi target2:0:1: Ending Domain Validation
[   11.415002] scsi target2:0:1: asynchronous
[   11.422591] random: systemd-udevd: uninitialized urandom read (16 bytes read)
[   11.423055] sd 2:0:0:0: [sda] 83886080 512-byte logical blocks: (42.9 GB/40.0 GiB)
[   11.425985] sd 2:0:0:0: Attached scsi generic sg0 type 0
[   11.432176] sd 2:0:0:0: [sda] Write Protect is off
[   11.434640] random: systemd-udevd: uninitialized urandom read (16 bytes read)
[   11.439594] random: systemd-udevd: uninitialized urandom read (16 bytes read)
[   11.439795] sd 2:0:0:0: [sda] Incomplete mode parameter data
[   11.444107] sd 2:0:1:0: Attached scsi generic sg1 type 0
[   11.445638] sd 2:0:0:0: [sda] Assuming drive cache: write through
[   11.450723] sd 2:0:1:0: [sdb] 20480 512-byte logical blocks: (10.5 MB/10.0 MiB)
[   11.451785]  sda: sda1
[   11.456106] sd 2:0:1:0: [sdb] Write Protect is off
[   11.457115] sd 2:0:0:0: [sda] Attached SCSI disk
[   11.461087] sd 2:0:1:0: [sdb] Incomplete mode parameter data
[   11.463488] sd 2:0:1:0: [sdb] Assuming drive cache: write through
[   11.470633] sd 2:0:1:0: [sdb] Attached SCSI disk
Begin: Loading essential drivers ... [   13.816073] raid6: sse2x1   gen()  2292 MB/s
[   13.864055] raid6: sse2x1   xor()  1477 MB/s
[   13.912073] raid6: sse2x2   gen()  5031 MB/s
[   13.960055] raid6: sse2x2   xor()  2371 MB/s
[   14.008062] raid6: sse2x4   gen()  5745 MB/s
[   14.056061] raid6: sse2x4   xor()  3337 MB/s
[   14.104065] raid6: avx2x1   gen()  4568 MB/s
[   14.152049] raid6: avx2x1   xor()  2534 MB/s
[   14.200069] raid6: avx2x2   gen()  8495 MB/s
[   14.248052] raid6: avx2x2   xor()  4420 MB/s
[   14.296069] raid6: avx2x4   gen() 11728 MB/s
[   14.344064] raid6: avx2x4   xor()  6777 MB/s
[   14.346007] raid6: using algorithm avx2x4 gen() 11728 MB/s
[   14.348312] raid6: .... xor() 6777 MB/s, rmw enabled
[   14.350516] raid6: using avx2x2 recovery algorithm
[   14.354373] xor: automatically using best checksumming function   avx       
[   14.358908] async_tx: api initialized (async)
done.
Begin: Running /scripts/init-premount ... done.
Begin: Mounting root file system ... Begin: Running /scripts/local-top ... done.
Begin: Running /scripts/local-premount ... [   14.464983] Btrfs loaded, crc32c=crc32c-intel
Scanning for Btrfs filesystems
done.
Warning: fsck not present, so skipping root file system
[   14.510885] EXT4-fs (sda1): mounted filesystem with ordered data mode. Opts: (null)
done.
Begin: Running /scripts/local-bottom ... done.
Begin: Running /scripts/init-bottom ... done.
[   14.760198] ip_tables: (C) 2000-2006 Netfilter Core Team
[   14.775768] systemd[1]: systemd 237 running in system mode. (+PAM +AUDIT +SELINUX +IMA +APPARMOR +SMACK +SYSVINIT +UTMP +LIBCRYPTSETUP +GCRYPT +GNUTLS +ACL +XZ +LZ4 +SECCOMP +BLKID +ELFUTILS +KMOD -IDN2 +IDN -PCRE2 default-hierarchy=hybrid)
[   14.784814] systemd[1]: Detected virtualization oracle.
[   14.787039] systemd[1]: Detected architecture x86-64.

Welcome to [1mUbuntu 18.04.6 LTS[0m!

[   14.796348] systemd[1]: Set hostname to <ubuntu>.
[   14.803206] systemd[1]: Initializing machine ID from random generator.
[   14.805966] systemd[1]: Installed transient /etc/machine-id file.
[   15.207670] systemd[1]: Set up automount Arbitrary Executable File Formats File System Automount Point.
[[0;32m  OK  [0m] Set up automount Arbitrary Executabâ€¦rmats File System Automount Point.
[   15.213383] systemd[1]: Reached target System Time Synchronized.
[[0;32m  OK  [0m] Reached target System Time Synchronized.
[   15.219864] systemd[1]: Created slice User and Session Slice.
[[0;32m  OK  [0m] Created slice User and Session Slice.
[   15.223637] systemd[1]: Started Forward Password Requests to Wall Directory Watch.
[[0;32m  OK  [0m] Started Forward Password Requests to Wall Directory Watch.
[[0;32m  OK  [0m] Reached target User and Group Name Lookups.
[[0;32m  OK  [0m] Reached target Swap.
[[0;32m  OK  [0m] Created slice System Slice.
[[0;32m  OK  [0m] Listening on Network Service Netlink Socket.
[[0;32m  OK  [0m] Listening on Device-mapper event daemon FIFOs.
[[0;32m  OK  [0m] Listening on Journal Socket.
         Mounting POSIX Message Queue File System...
[[0;32m  OK  [0m] Listening on LVM2 metadata daemon socket.
         Starting Uncomplicated firewall...
[[0;32m  OK  [0m] Listening on /dev/initctl Compatibility Named Pipe.
[[0;32m  OK  [0m] Listening on Journal Socket (/dev/log).
         Mounting Huge Pages File System...
[[0;32m  OK  [0m] Listening on LVM2 poll daemon socket.
[[0;32m  OK  [0m] Listening on Syslog Socket.
         Starting Monitoring of LVM2 mirrorsâ€¦ng dmeventd or progress polling...
         Mounting Kernel Debug File System...
[[0;32m  OK  [0m] Listening on fsck to fsckd communication Socket.
         Starting File System Check on Root Device...
[[0;32m  OK  [0m] Listening on udev Kernel Socket.
[[0;32m  OK  [0m] Reached target Slices.
[[0;32m  OK  [0m] Created slice system-serial\x2dgetty.slice.
         Starting Create list of required stâ€¦ce nodes for the current kernel...
[[0;32m  OK  [0m] Listening on Journal Audit Socket.
         Starting Journal Service...
         Starting Load Kernel Modules...
[[0;32m  OK  [0m] Listening on udev Control Socket.
         Starting udev Coldplug all Devices...
         Starting Set the console keyboard layout...
[[0;32m  OK  [0m] Mounted POSIX Message Queue File System.
[[0;32m  OK  [0m] Started Uncomplicated firewall.
[[0;32m  OK  [0m] Mounted Huge Pages File System.
[[0;32m  OK  [0m] Mounted Kernel Debug File System.
[[0;32m  OK  [0m] Started Create list of required staâ€¦vice nodes for the current kernel.
[[0;32m  OK  [0m] Started File System Check Daemon to report status.
         Starting Create Static Device Nodes in /dev...
[   16.339621] Loading iSCSI transport class v2.0-870.
[   16.351713] iscsi: registered transport (tcp)
[[0;32m  OK  [0m] Started Journal Service.
[[0;32m  OK  [0m] Started LVM2 metadata daemon.
[[0;32m  OK  [0m] Started Create Static Device Nodes in /dev.
[[0;32m  OK  [0m] Started File System Check on Root Device.
         Starting Remount Root and Kernel File Systems...
[[0;32m  OK  [0m] Started udev Coldplug all Devices.
[   16.527201] iscsi: registered transport (iser)
[[0;32m  OK  [0m] Started Load Kernel Modules.
         Mounting Kernel Configuration File System...
         Starting Apply Kernel Variables...
[   16.539745] EXT4-fs (sda1): re-mounted. Opts: (null)
         Mounting FUSE Control File System...
[[0;32m  OK  [0m] Started Remount Root and Kernel File Systems.
[[0;32m  OK  [0m] Mounted Kernel Configuration File System.
[[0;32m  OK  [0m] Mounted FUSE Control File System.
         Starting Flush Journal to Persistent Storage...
         Starting Load/Save Random Seed...
         Starting udev Kernel Device Manager...
[[0;32m  OK  [0m] Started Monitoring of LVM2 mirrors,â€¦sing dmeventd or progress polling.
[   16.612220] systemd-journald[418]: Received request to flush runtime journal from PID 1
[[0;32m  OK  [0m] Started udev Kernel Device Manager.
[[0;32m  OK  [0m] Started Load/Save Random Seed.
[[0;32m  OK  [0m] Started Apply Kernel Variables.
[[0;32m  OK  [0m] Started Flush Journal to Persistent Storage.
[[0;32m  OK  [0m] Found device /dev/ttyS0.
[[0;32m  OK  [0m] Listening on Load/Save RF Kill Switch Status /dev/rfkill Watch.
[[0;32m  OK  [0m] Started Set the console keyboard layout.
[[0;32m  OK  [0m] Started Dispatch Password Requests to Console Directory Watch.
[[0;32m  OK  [0m] Reached target Local Encrypted Volumes.
[[0;32m  OK  [0m] Reached target Local File Systems (Pre).
[[0;32m  OK  [0m] Reached target Local File Systems.
         Starting Set console font and keymap...
         Starting Commit a transient machine-id on disk...
         Starting AppArmor initialization...
         Starting ebtables ruleset management...
         Starting Tell Plymouth To Write Out Runtime Data...
         Starting Create Volatile Files and Directories...
[[0;32m  OK  [0m] Started Set console font and keymap.
[[0;32m  OK  [0m] Started Tell Plymouth To Write Out Runtime Data.
[[0;32m  OK  [0m] Started Create Volatile Files and Directories.
         Starting Update UTMP about System Boot/Shutdown...
[[0;32m  OK  [0m] Started Commit a transient machine-id on disk.
[[0;32m  OK  [0m] Started Update UTMP about System Boot/Shutdown.
[[0;32m  OK  [0m] Started ebtables ruleset management.
[[0;32m  OK  [0m] Started AppArmor initialization.
         Starting Initial cloud-init job (pre-networking)...
         Starting Load AppArmor profiles managed internally by snapd...
[[0;32m  OK  [0m] Started Load AppArmor profiles managed internally by snapd.
[   23.658610] cloud-init[627]: Cloud-init v. 21.2-3-g899bfaa9-0ubuntu2~18.04.1 running 'init-local' at Mon, 20 Sep 2021 21:21:52 +0000. Up 22.88 seconds.
[[0;32m  OK  [0m] Started Initial cloud-init job (pre-networking).
[[0;32m  OK  [0m] Reached target Network (Pre).
         Starting Network Service...
[[0;32m  OK  [0m] Started Network Service.
         Starting Wait for Network to be Configured...
         Starting Network Name Resolution...
[[0;32m  OK  [0m] Started Network Name Resolution.
[[0;32m  OK  [0m] Reached target Network.
[[0;32m  OK  [0m] Reached target Host and Network Name Lookups.
[[0;32m  OK  [0m] Started Wait for Network to be Configured.
         Starting Initial cloud-init job (metadata service crawler)...
[   27.015230] cloud-init[769]: Cloud-init v. 21.2-3-g899bfaa9-0ubuntu2~18.04.1 running 'init' at Mon, 20 Sep 2021 21:21:56 +0000. Up 26.58 seconds.
[   27.019849] cloud-init[769]: ci-info: ++++++++++++++++++++++++++++++++++++++Net device info++++++++++++++++++++++++++++++++++++++
[   27.023794] cloud-init[769]: ci-info: +--------+------+----------------------------+---------------+--------+-------------------+
[   27.036316] cloud-init[769]: ci-info: | Device |  Up  |          Address           |      Mask     | Scope  |     Hw-Address    |
[   27.039915] cloud-init[769]: ci-info: +--------+------+----------------------------+---------------+--------+-------------------+
[   27.043797] cloud-init[769]: ci-info: | enp0s3 | True |         10.0.2.15          | 255.255.255.0 | global | 02:d6:10:ef:a7:47 |
[   27.047516] cloud-init[769]: ci-info: | enp0s3 | True | fe80::d6:10ff:feef:a747/64 |       .       |  link  | 02:d6:10:ef:a7:47 |
[   27.051178] cloud-init[769]: ci-info: |   lo   | True |         127.0.0.1          |   255.0.0.0   |  host  |         .         |
[   27.055183] cloud-init[769]: ci-info: |   lo   | True |          ::1/128           |       .       |  host  |         .         |
[   27.058927] cloud-init[769]: ci-info: +--------+------+----------------------------+---------------+--------+-------------------+
[   27.062548] cloud-init[769]: ci-info: ++++++++++++++++++++++++++++Route IPv4 info+++++++++++++++++++++++++++++
[   27.076322] cloud-init[769]: ci-info: +-------+-------------+----------+-----------------+-----------+-------+
[   27.079368] cloud-init[769]: ci-info: | Route | Destination | Gateway  |     Genmask     | Interface | Flags |
[   27.082839] cloud-init[769]: ci-info: +-------+-------------+----------+-----------------+-----------+-------+
[   27.086227] cloud-init[769]: ci-info: |   0   |   0.0.0.0   | 10.0.2.2 |     0.0.0.0     |   enp0s3  |   UG  |
[   27.089270] cloud-init[769]: ci-info: |   1   |   10.0.2.0  | 0.0.0.0  |  255.255.255.0  |   enp0s3  |   U   |
[   27.092629] cloud-init[769]: ci-info: |   2   |   10.0.2.2  | 0.0.0.0  | 255.255.255.255 |   enp0s3  |   UH  |
[   27.096181] cloud-init[769]: ci-info: +-------+-------------+----------+-----------------+-----------+-------+
[   27.099498] cloud-init[769]: ci-info: +++++++++++++++++++Route IPv6 info+++++++++++++++++++
[   27.102454] cloud-init[769]: ci-info: +-------+-------------+---------+-----------+-------+
[   27.105303] cloud-init[769]: ci-info: | Route | Destination | Gateway | Interface | Flags |
[   27.107985] cloud-init[769]: ci-info: +-------+-------------+---------+-----------+-------+
[   27.111137] cloud-init[769]: ci-info: |   1   |  fe80::/64  |    ::   |   enp0s3  |   U   |
[   27.113865] cloud-init[769]: ci-info: |   3   |    local    |    ::   |   enp0s3  |   U   |
[   27.116849] cloud-init[769]: ci-info: |   4   |   ff00::/8  |    ::   |   enp0s3  |   U   |
[   27.119858] cloud-init[769]: ci-info: +-------+-------------+---------+-----------+-------+
[   28.292143] cloud-init[769]: Generating public/private rsa key pair.
[   28.293828] cloud-init[769]: Your identification has been saved in /etc/ssh/ssh_host_rsa_key.
[   28.295818] cloud-init[769]: Your public key has been saved in /etc/ssh/ssh_host_rsa_key.pub.
[   28.300214] cloud-init[769]: The key fingerprint is:
[   28.301475] cloud-init[769]: SHA256:9xE7YrDv/zyIqfGfYp8Lx8jELtsl3Ca96ZmQb1ZNBao root@ubuntu-bionic
[   28.304662] cloud-init[769]: The key's randomart image is:
[   28.306537] cloud-init[769]: +---[RSA 2048]----+
[   28.308207] cloud-init[769]: |              .. |
[   28.309469] cloud-init[769]: |             .  .|
[   28.310526] cloud-init[769]: |        .   o   .|
[   28.328225] cloud-init[769]: |         + . o  .|
[   28.345002] cloud-init[769]: |        S E +  o |
[   28.346100] cloud-init[769]: |         O O o. .|
[   28.347055] cloud-init[769]: |        o %oOo   |
[   28.356263] cloud-init[769]: |         B=X+O.  |
[   28.357387] cloud-init[769]: |        oo+O#oo. |
[   28.358469] cloud-init[769]: +----[SHA256]-----+
[   28.368272] cloud-init[769]: Generating public/private dsa key pair.
[   28.369642] cloud-init[769]: Your identification has been saved in /etc/ssh/ssh_host_dsa_key.
[   28.371414] cloud-init[769]: Your public key has been saved in /etc/ssh/ssh_host_dsa_key.pub.
[   28.374001] cloud-init[769]: The key fingerprint is:
[   28.384251] cloud-init[769]: SHA256:rjbgV4awaO9I3TSHivXhf4vJeahFw2NT7841Xb4f9Uk root@ubuntu-bionic
[   28.400648] cloud-init[769]: The key's randomart image is:
[   28.402024] cloud-init[769]: +---[DSA 1024]----+
[   28.403522] cloud-init[769]: |                 |
[   28.405120] cloud-init[769]: |                 |
[   28.406499] cloud-init[769]: |          .      |
[   28.416262] cloud-init[769]: |    .  o . .     |
[   28.417417] cloud-init[769]: |   ..o=.S   .  Eo|
[   28.428274] cloud-init[769]: |  o+o*.Bo+ .  .o=|
[   28.440230] cloud-init[769]: | .ooo.+oo.  . oo+|
[   28.441338] cloud-init[769]: | . .o +=.+oo . .o|
[[0;32m  OK  [0m] Started Initial cloud-init job (metadata service crawler).
[[0;32m  OK  [0m] Reached target System Initialization.
[   28.461973] cloud-init[769]: |  ...ooo*o..o  .o|
[[0;32m  OK  [0m[   28.468811] cloud-init[769]: +----[SHA256]-----+
[   28.469524] cloud-init[769]: Generating public/private ecdsa key pair.
[   28.471091] cloud-init[769]: Your identification has been saved in /etc/ssh/ssh_host_ecdsa_key.
] Listening on Open-iSCSI iscsid Socket.
[   28.471393] cloud-init[769]: Your public key has been saved in /etc/ssh/ssh_host_ecdsa_key.pub.
[   28.477904] cloud-init[769]: The key fingerprint is:
[[0;32m  OK  [0m] Started Message of the Day.[   28.479402] cloud-init[769]: SHA256:D1hUAoa9ljKlfZktCSfJh5hQB5IV0ONAneCHPKnGlj8 root@ubuntu-bionic
[   28.481349] cloud-init[769]: The key's randomart image is:
[   28.483031] cloud-init[769]: +---[ECDSA 256]---+
[   28.483547] cloud-init[769]: | .*X=X++o..      |
[   28.485012] cloud-init[769]: | oo+OoO.o.       |
[   28.485508] cloud-init[769]: |  *o.= B.=       |
[   28.486353] cloud-init[769]: |...o= =o* .      |
[   28.487530] cloud-init[769]: |.=   +..S.       |
[   28.488950] cloud-init[769]: |o .      o       |
[   28.489963] cloud-init[769]: |   E      .      |
[   28.490781] cloud-init[769]: |    .            |
[   28.491772] cloud-init[769]: |                 |
[   28.493112] cloud-init[769]: +----[SHA256]-----+
[   28.493417] cloud-init[769]: Generating public/private ed25519 key pair.
[   28.494050] cloud-init[769]: Your identification has been saved in /etc/ssh/ssh_host_ed25519_key.
[   28.495100] cloud-init[769]: Your public key has been saved in /etc/ssh/ssh_host_ed25519_key.pub.
[   28.495866] cloud-init[769]: The key fingerprint is:
[   28.500654] cloud-init[769]: SHA256:Ndg9lRnR+yYHRz1kpRIVZdR7aagIpmESMx0yaGt8QiA root@ubuntu-bionic
[   28.505595] cloud-init[769]: The key's randomart image is:
[   28.507553] cloud-init[769]: +--[ED25519 256]--+
[   28.509015] cloud-init[769]: |E .o...     ..B%O|
[   28.510307] cloud-init[769]: |.+ +o.   o . o++=|
[   28.511284] cloud-init[769]: |+ . +   . + + o.=|
[   28.512005] cloud-init[769]: | = o o o . . +.=o|
[   28.512858] cloud-init[769]: |. o o + S . . .oo|
[   28.513658] cloud-init[769]: |     .   . .  . +|
[   28.514533] cloud-init[769]: |               + |
[   28.515487] cloud-init[769]: |                 |
[   28.516934] cloud-init[769]: |                 |
[   28.517467] cloud-init[769]: +----[SHA256]-----+

         Starting LXD - unix socket.
[[0;32m  OK  [0m] Started Daily Cleanup of Temporary Directories.
[[0;32m  OK  [0m] Started Discard unused blocks once a week.
[[0;32m  OK  [0m] Started Ubuntu Advantage update messaging.
[[0;32m  OK  [0m] Listening on UUID daemon activation socket.
[[0;32m  OK  [0m] Listening on ACPID Listen Socket.
         Starting Socket activation for snappy daemon.
[[0;32m  OK  [0m] Started Daily apt download activities.
[[0;32m  OK  [0m] Started Daily apt upgrade and clean activities.
[[0;32m  OK  [0m] Reached target Timers.
[[0;32m  OK  [0m] Started ACPI Events Check.
[[0;32m  OK  [0m] Reached target Paths.
[[0;32m  OK  [0m] Listening on D-Bus System Message Bus Socket.
[[0;32m  OK  [0m] Reached target Cloud-config availability.
[[0;32m  OK  [0m] Reached target Network is Online.
         Starting Availability of block devices...
[[0;32m  OK  [0m] Reached target Remote File Systems (Pre).
[[0;32m  OK  [0m] Reached target Remote File Systems.
[[0;32m  OK  [0m] Listening on LXD - unix socket.
[[0;32m  OK  [0m] Listening on Socket activation for snappy daemon.
[[0;32m  OK  [0m] Started Availability of block devices.
[[0;32m  OK  [0m] Reached target Sockets.
[[0;32m  OK  [0m] Reached target Basic System.
         Starting LXD - container startup/shutdown...
         Starting System Logging Service...
         Starting Accounts Service...
         Starting Permit User Sessions...
[[0;32m  OK  [0m] Started Regular background program processing daemon.
         Starting Login Service...
         Starting LSB: Record successful boot for GRUB...
[[0;32m  OK  [0m] Started D-Bus System Message Bus.
[[0;32m  OK  [0m] Started irqbalance daemon.
         Starting Pollinate to seed the pseudo random number generator...
         Starting LSB: automatic crash report generation...
         Starting Virtualbox guest utils...
[[0;32m  OK  [0m] Started FUSE filesystem for LXC.
         Starting Dispatcher daemon for systemd-networkd...
         Starting Snap Daemon...
[[0;32m  OK  [0m] Started Deferred execution scheduler.
[[0;32m  OK  [0m] Started System Logging Service.
[[0;32m  OK  [0m] Started LXD - container startup/shutdown.
[[0;32m  OK  [0m] Started Permit User Sessions.
[[0;32m  OK  [0m] Started Login Service.
         Starting Authorization Manager...
[[0;32m  OK  [0m] Started Unattended Upgrades Shutdown.
         Starting Hold until boot process finishes up...
         Starting Terminate Plymouth Boot Screen...
[[0;32m  OK  [0m] Started Hold until boot process finishes up.
         Starting Set console scheme...
[[0;32m  OK  [0m] Started Serial Getty on ttyS0.
[[0;32m  OK  [0m] Started Terminate Plymouth Boot Screen.
[[0;32m  OK  [0m] Started LSB: automatic crash report generation.
[[0;32m  OK  [0m] Started Set console scheme.
[[0;32m  OK  [0m] Created slice system-getty.slice.
[[0;32m  OK  [0m] Started Getty on tty1.
[[0;32m  OK  [0m] Reached target Login Prompts.
[[0;32m  OK  [0m] Started Authorization Manager.
[[0;32m  OK  [0m] Started Accounts Service.
[[0;32m  OK  [0m] Started LSB: Record successful boot for GRUB.
[[0;32m  OK  [0m] Started Virtualbox guest utils.
[[0;32m  OK  [0m] Started Dispatcher daemon for systemd-networkd.
[[0;32m  OK  [0m] Started Snap Daemon.
         Starting Wait until snapd is fully seeded...
[[0;32m  OK  [0m] Started Pollinate to seed the pseudo random number generator.
         Starting OpenBSD Secure Shell server...
[[0;32m  OK  [0m] Started OpenBSD Secure Shell server.
[[0;32m  OK  [0m] Created slice User Slice of vagrant.
         Starting User Manager for UID 1000...
[[0;32m  OK  [0m] Started Session 1 of user vagrant.
[[0;32m  OK  [0m] Started User Manager for UID 1000.
[[0;32m  OK  [0m] Started Wait until snapd is fully seeded.
         Starting Apply the settings specified in cloud-config...
[[0;32m  OK  [0m] Reached target Multi-User System.
[[0;32m  OK  [0m] Reached target Graphical Interface.
         Starting Update UTMP about System Runlevel Changes...
[[0;32m  OK  [0m] Started Update UTMP about System Runlevel Changes.

Ubuntu 18.04.6 LTS ubuntu-bionic ttyS0

ubuntu-bionic login: [   36.562169] cloud-init[1320]: Cloud-init v. 21.2-3-g899bfaa9-0ubuntu2~18.04.1 running 'modules:config' at Mon, 20 Sep 2021 21:22:04 +0000. Up 35.09 seconds.
ci-info: no authorized SSH keys fingerprints found for user ubuntu.
<14>Sep 20 21:22:07 cloud-init: #############################################################
<14>Sep 20 21:22:07 cloud-init: -----BEGIN SSH HOST KEY FINGERPRINTS-----
<14>Sep 20 21:22:07 cloud-init: 1024 SHA256:rjbgV4awaO9I3TSHivXhf4vJeahFw2NT7841Xb4f9Uk root@ubuntu-bionic (DSA)
<14>Sep 20 21:22:07 cloud-init: 256 SHA256:D1hUAoa9ljKlfZktCSfJh5hQB5IV0ONAneCHPKnGlj8 root@ubuntu-bionic (ECDSA)
<14>Sep 20 21:22:07 cloud-init: 256 SHA256:Ndg9lRnR+yYHRz1kpRIVZdR7aagIpmESMx0yaGt8QiA root@ubuntu-bionic (ED25519)
<14>Sep 20 21:22:07 cloud-init: 2048 SHA256:9xE7YrDv/zyIqfGfYp8Lx8jELtsl3Ca96ZmQb1ZNBao root@ubuntu-bionic (RSA)
<14>Sep 20 21:22:07 cloud-init: -----END SSH HOST KEY FINGERPRINTS-----
<14>Sep 20 21:22:07 cloud-init: #############################################################
-----BEGIN SSH HOST KEY KEYS-----
ecdsa-sha2-nistp256 AAAAE2VjZHNhLXNoYTItbmlzdHAyNTYAAAAIbmlzdHAyNTYAAABBBE0hin7AASsdfh1QDE9as0b1mghcanBZQSv7RMrmCC0ebC+emgHKjQmZO6s9p1CZFwohJE8lpeUo3IhQSLHldjY= root@ubuntu-bionic
ssh-ed25519 AAAAC3NzaC1lZDI1NTE5AAAAIDoYZdXfI6VUY/E2CvJs9KsZeWPrs8inm8jJMSi+iK9r root@ubuntu-bionic
ssh-rsa AAAAB3NzaC1yc2EAAAADAQABAAABAQCx/7/LVZOFf5bkP3r02NCk9/yUTLI+D+rr5tX1NTkbEXzbW0xLSFi0W2rovnY3sZyAkBpsBj8Vw+Aac7vc9ffgLJK+5ug68ES51xynjIChB7Eiz7WqQ+BgCiMYNY46pr4HRmNhryqsw4WAXQEXFZA6/GnSioK9aj1L+LGGSBqoV709SFSxWkhuzlx5f0ZpXSdLJ3tpA4juo/T20wwLsBK/3xlcZYAQsT2/MJlQhMcz4wNY41yuV8QwYPocRULSoVQbPP13IG9LPt1/0Ps4a3A5oAXeeOyepgj/hwNi3IQIUiODG1DZ6ciqI3fVDZiHtSB4RVg1dZpc++fdcb8169bL root@ubuntu-bionic
-----END SSH HOST KEY KEYS-----
[   38.049152] cloud-init[1494]: Cloud-init v. 21.2-3-g899bfaa9-0ubuntu2~18.04.1 running 'modules:final' at Mon, 20 Sep 2021 21:22:07 +0000. Up 37.67 seconds.
[   38.052430] cloud-init[1494]: ci-info: no authorized SSH keys fingerprints found for user ubuntu.
[   38.054447] cloud-init[1494]: Cloud-init v. 21.2-3-g899bfaa9-0ubuntu2~18.04.1 finished at Mon, 20 Sep 2021 21:22:07 +0000. Datasource DataSourceNoCloud [seed=/dev/sdb][dsmode=net].  Up 38.01 seconds
